[INFO] Scanning for projects...
[INFO] ------------------------------------------------------------------------
[INFO] Reactor Build Order:
[INFO] 
[INFO] angularai-parent                                                   [pom]
[INFO] aibackend                                                          [jar]
[INFO] aifrontend                                                         [jar]
[INFO] test-client                                                        [jar]
[INFO] 
[INFO] ---------------< ch.goodone.angularai:angularai-parent >----------------
[INFO] Building angularai-parent 1.0.1                                    [1/4]
[INFO]   from pom.xml
[INFO] --------------------------------[ pom ]---------------------------------
[INFO] 
[INFO] --- clean:3.5.0:clean (default-clean) @ angularai-parent ---
[INFO] 
[INFO] --- jacoco:0.8.12:prepare-agent (prepare-agent) @ angularai-parent ---
[INFO] argLine set to -javaagent:C:\\Users\\sub\\.m2\\repository\\org\\jacoco\\org.jacoco.agent\\0.8.12\\org.jacoco.agent-0.8.12-runtime.jar=destfile=C:\\doc\\sw\\ai\\angularai\\angularai\\target\\jacoco.exec,append=true,includes=ch/goodone/angularai/**/*,excludes=**/*MockitoMock*:**/*$auxiliary$*
[INFO] 
[INFO] --- jacoco:0.8.12:report (report) @ angularai-parent ---
[INFO] Skipping JaCoCo execution due to missing execution data file.
[INFO] 
[INFO] --- install:3.1.4:install (default-install) @ angularai-parent ---
[INFO] Installing C:\doc\sw\ai\angularai\angularai\pom.xml to C:\Users\sub\.m2\repository\ch\goodone\angularai\angularai-parent\1.0.1\angularai-parent-1.0.1.pom
[INFO] 
[INFO] -------------------< ch.goodone.angularai:aibackend >-------------------
[INFO] Building aibackend 1.0.1                                           [2/4]
[INFO]   from backend\pom.xml
[INFO] --------------------------------[ jar ]---------------------------------
[INFO] 
[INFO] --- clean:3.5.0:clean (default-clean) @ aibackend ---
[INFO] Deleting C:\doc\sw\ai\angularai\angularai\backend\target
[INFO] 
[INFO] --- jacoco:0.8.12:prepare-agent (prepare-agent) @ aibackend ---
[INFO] argLine set to -javaagent:C:\\Users\\sub\\.m2\\repository\\org\\jacoco\\org.jacoco.agent\\0.8.12\\org.jacoco.agent-0.8.12-runtime.jar=destfile=C:\\doc\\sw\\ai\\angularai\\angularai\\backend\\target\\jacoco.exec,append=true,includes=ch/goodone/angularai/**/*,excludes=**/*MockitoMock*:**/*$auxiliary$*
[INFO] 
[INFO] --- dependency:3.9.0:properties (default) @ aibackend ---
[INFO] 
[INFO] --- resources:3.3.1:resources (default-resources) @ aibackend ---
[INFO] Copying 1 resource from src\main\resources to target\classes
[INFO] Copying 4 resources from src\main\resources to target\classes
[INFO] 
[INFO] --- compiler:3.14.1:compile (default-compile) @ aibackend ---
[INFO] Recompiling the module because of changed source code.
[INFO] Compiling 27 source files with javac [debug parameters release 21] to target\classes
[INFO] 
[INFO] --- resources:3.3.1:testResources (default-testResources) @ aibackend ---
[INFO] skip non existing resourceDirectory C:\doc\sw\ai\angularai\angularai\backend\src\test\resources
[INFO] 
[INFO] --- compiler:3.14.1:testCompile (default-testCompile) @ aibackend ---
[INFO] Recompiling the module because of changed dependency.
[INFO] Compiling 15 source files with javac [debug parameters release 21] to target\test-classes
[INFO] /C:/doc/sw/ai/angularai/angularai/backend/src/test/java/ch/goodone/angularai/backend/service/ActionLogServiceTest.java: C:\doc\sw\ai\angularai\angularai\backend\src\test\java\ch\goodone\angularai\backend\service\ActionLogServiceTest.java uses unchecked or unsafe operations.
[INFO] /C:/doc/sw/ai/angularai/angularai/backend/src/test/java/ch/goodone/angularai/backend/service/ActionLogServiceTest.java: Recompile with -Xlint:unchecked for details.
[INFO] 
[INFO] --- surefire:3.5.4:test (default-test) @ aibackend ---
[INFO] Tests are skipped.
[INFO] 
[INFO] --- jar:3.4.2:jar (default-jar) @ aibackend ---
[INFO] Building jar: C:\doc\sw\ai\angularai\angularai\backend\target\aibackend-1.0.1.jar
[INFO] 
[INFO] --- spring-boot:4.0.1:repackage (repackage) @ aibackend ---
[INFO] Replacing main artifact C:\doc\sw\ai\angularai\angularai\backend\target\aibackend-1.0.1.jar with repackaged archive, adding nested dependencies in BOOT-INF/.
[INFO] The original artifact has been renamed to C:\doc\sw\ai\angularai\angularai\backend\target\aibackend-1.0.1.jar.original
[INFO] 
[INFO] --- springdoc-openapi:1.4:generate (default) @ aibackend ---
[ERROR] An error has occured
java.net.ConnectException: Connection refused: connect
    at sun.nio.ch.Net.connect0 (Native Method)
    at sun.nio.ch.Net.connect (Net.java:546)
    at sun.nio.ch.Net.connect (Net.java:535)
    at sun.nio.ch.NioSocketImpl.connect (NioSocketImpl.java:585)
    at java.net.Socket.connect (Socket.java:659)
    at java.net.Socket.connect (Socket.java:597)
    at sun.net.NetworkClient.doConnect (NetworkClient.java:166)
    at sun.net.www.http.HttpClient.openServer (HttpClient.java:516)
    at sun.net.www.http.HttpClient.openServer (HttpClient.java:604)
    at sun.net.www.http.HttpClient.<init> (HttpClient.java:276)
    at sun.net.www.http.HttpClient.New (HttpClient.java:380)
    at sun.net.www.http.HttpClient.New (HttpClient.java:393)
    at sun.net.www.protocol.http.HttpURLConnection.getNewHttpClient (HttpURLConnection.java:1030)
    at sun.net.www.protocol.http.HttpURLConnection.plainConnect0 (HttpURLConnection.java:963)
    at sun.net.www.protocol.http.HttpURLConnection.plainConnect (HttpURLConnection.java:899)
    at sun.net.www.protocol.http.HttpURLConnection.connect (HttpURLConnection.java:872)
    at sun.net.www.protocol.http.HttpURLConnection.getInputStream0 (HttpURLConnection.java:1377)
    at sun.net.www.protocol.http.HttpURLConnection.getInputStream (HttpURLConnection.java:1302)
    at java.net.HttpURLConnection.getResponseCode (HttpURLConnection.java:493)
    at org.springdoc.maven.plugin.SpringDocMojo.execute (SpringDocMojo.java:110)
    at org.apache.maven.plugin.DefaultBuildPluginManager.executeMojo (DefaultBuildPluginManager.java:126)
    at org.apache.maven.lifecycle.internal.MojoExecutor.doExecute2 (MojoExecutor.java:328)
    at org.apache.maven.lifecycle.internal.MojoExecutor.doExecute (MojoExecutor.java:316)
    at org.apache.maven.lifecycle.internal.MojoExecutor.execute (MojoExecutor.java:212)
    at org.apache.maven.lifecycle.internal.MojoExecutor.execute (MojoExecutor.java:174)
    at org.apache.maven.lifecycle.internal.MojoExecutor.access$000 (MojoExecutor.java:75)
    at org.apache.maven.lifecycle.internal.MojoExecutor$1.run (MojoExecutor.java:162)
    at org.apache.maven.plugin.DefaultMojosExecutionStrategy.execute (DefaultMojosExecutionStrategy.java:39)
    at org.apache.maven.lifecycle.internal.MojoExecutor.execute (MojoExecutor.java:159)
    at org.apache.maven.lifecycle.internal.LifecycleModuleBuilder.buildProject (LifecycleModuleBuilder.java:105)
    at org.apache.maven.lifecycle.internal.LifecycleModuleBuilder.buildProject (LifecycleModuleBuilder.java:73)
    at org.apache.maven.lifecycle.internal.builder.singlethreaded.SingleThreadedBuilder.build (SingleThreadedBuilder.java:53)
    at org.apache.maven.lifecycle.internal.LifecycleStarter.execute (LifecycleStarter.java:118)
    at org.apache.maven.DefaultMaven.doExecute (DefaultMaven.java:261)
    at org.apache.maven.DefaultMaven.doExecute (DefaultMaven.java:173)
    at org.apache.maven.DefaultMaven.execute (DefaultMaven.java:101)
    at org.apache.maven.cli.MavenCli.execute (MavenCli.java:919)
    at org.apache.maven.cli.MavenCli.doMain (MavenCli.java:285)
    at org.apache.maven.cli.MavenCli.main (MavenCli.java:207)
    at jdk.internal.reflect.DirectMethodHandleAccessor.invoke (DirectMethodHandleAccessor.java:104)
    at java.lang.reflect.Method.invoke (Method.java:565)
    at org.codehaus.plexus.classworlds.launcher.Launcher.launchEnhanced (Launcher.java:255)
    at org.codehaus.plexus.classworlds.launcher.Launcher.launch (Launcher.java:201)
    at org.codehaus.plexus.classworlds.launcher.Launcher.mainWithExitCode (Launcher.java:361)
    at org.codehaus.plexus.classworlds.launcher.Launcher.main (Launcher.java:314)
[INFO] 
[INFO] --- jacoco:0.8.12:report (report) @ aibackend ---
[INFO] Skipping JaCoCo execution due to missing execution data file.
[INFO] 
[INFO] --- install:3.1.4:install (default-install) @ aibackend ---
[INFO] Installing C:\doc\sw\ai\angularai\angularai\backend\pom.xml to C:\Users\sub\.m2\repository\ch\goodone\angularai\aibackend\1.0.1\aibackend-1.0.1.pom
[INFO] Installing C:\doc\sw\ai\angularai\angularai\backend\target\aibackend-1.0.1.jar to C:\Users\sub\.m2\repository\ch\goodone\angularai\aibackend\1.0.1\aibackend-1.0.1.jar
[INFO] 
[INFO] ------------------< ch.goodone.angularai:aifrontend >-------------------
[INFO] Building aifrontend 1.0.1                                          [3/4]
[INFO]   from frontend\pom.xml
[INFO] --------------------------------[ jar ]---------------------------------
[INFO] 
[INFO] --- clean:3.5.0:clean (default-clean) @ aifrontend ---
[INFO] Deleting C:\doc\sw\ai\angularai\angularai\frontend\target
[INFO] 
[INFO] --- jacoco:0.8.12:prepare-agent (prepare-agent) @ aifrontend ---
[INFO] argLine set to -javaagent:C:\\Users\\sub\\.m2\\repository\\org\\jacoco\\org.jacoco.agent\\0.8.12\\org.jacoco.agent-0.8.12-runtime.jar=destfile=C:\\doc\\sw\\ai\\angularai\\angularai\\frontend\\target\\jacoco.exec,append=true,includes=ch/goodone/angularai/**/*,excludes=**/*MockitoMock*:**/*$auxiliary$*
[INFO] 
[INFO] --- exec:3.5.0:exec (npm-install) @ aifrontend ---

up to date, audited 1189 packages in 1s

218 packages are looking for funding
  run `npm fund` for details

10 vulnerabilities (7 low, 2 moderate, 1 high)

To address issues that do not require attention, run:
  npm audit fix

To address all issues (including breaking changes), run:
  npm audit fix --force

Run `npm audit` for details.
[INFO] 
[INFO] --- resources:3.3.1:resources (default-resources) @ aifrontend ---
[INFO] skip non existing resourceDirectory C:\doc\sw\ai\angularai\angularai\frontend\src\main\resources
[INFO] skip non existing resourceDirectory C:\doc\sw\ai\angularai\angularai\frontend\src\main\resources
[INFO] 
[INFO] --- compiler:3.14.1:compile (default-compile) @ aifrontend ---
[INFO] No sources to compile
[INFO] 
[INFO] --- exec:3.5.0:exec (npm-build) @ aifrontend ---

> frontend@1.0.1 build
> ng build

mvn : Node.js version v25.2.1 detected.
At line:1 char:1
+ mvn clean install -DskipTests > build_output.txt 2>&1
+ ~~~~~~~~~~~~~~~~~~~~~~~~~~~~~~~~~~~~~~~~~~~~~~~~~~~~~
    + CategoryInfo          : NotSpecified: (Node.js version v25.2.1 detected. 
   :String) [], RemoteException
    + FullyQualifiedErrorId : NativeCommandError
 
Odd numbered Node.js versions will not enter LTS status and should not be used 
for production. For more information, please see 
https://nodejs.org/en/about/previous-releases/.
- Generating browser application bundles (phase: setup)...
✔ Browser application bundle generation complete.
✔ Browser application bundle generation complete.
- Copying assets...
✔ Copying assets complete.
- Generating index html...
✔ Index html generation complete.

Initial chunk files           | Names         |  Raw size | Estimated transfer size
main.d4e6859288ec02ff.js      | main          |   2.20 MB |               333.71 kB
styles.e2a61954bdc821a1.css   | styles        | 105.61 kB |                 8.12 kB
polyfills.4bfc3df88ee3e249.js | polyfills     |  34.89 kB |                11.36 kB
runtime.7c80efc28dc8f558.js   | runtime       | 947 bytes |               561 bytes

                              | Initial total |   2.34 MB |               353.75 kB

Build at: 2026-01-18T14:24:32.408Z - Hash: 3cc974af4b6672de - Time: 5096ms
[INFO] 
[INFO] --- resources:3.3.1:testResources (default-testResources) @ aifrontend ---
[INFO] skip non existing resourceDirectory C:\doc\sw\ai\angularai\angularai\frontend\src\test\resources
[INFO] 
[INFO] --- compiler:3.14.1:testCompile (default-testCompile) @ aifrontend ---
[INFO] No sources to compile
[INFO] 
[INFO] --- surefire:3.5.4:test (default-test) @ aifrontend ---
[INFO] Tests are skipped.
[INFO] 
[INFO] --- jar:3.4.2:jar (default-jar) @ aifrontend ---
[WARNING] JAR will be empty - no content was marked for inclusion!
[INFO] Building jar: C:\doc\sw\ai\angularai\angularai\frontend\target\aifrontend-1.0.1.jar
[INFO] 
[INFO] --- jacoco:0.8.12:report (report) @ aifrontend ---
[INFO] Skipping JaCoCo execution due to missing execution data file.
[INFO] 
[INFO] --- install:3.1.4:install (default-install) @ aifrontend ---
[INFO] Installing C:\doc\sw\ai\angularai\angularai\frontend\pom.xml to C:\Users\sub\.m2\repository\ch\goodone\angularai\aifrontend\1.0.1\aifrontend-1.0.1.pom
[INFO] Installing C:\doc\sw\ai\angularai\angularai\frontend\target\aifrontend-1.0.1.jar to C:\Users\sub\.m2\repository\ch\goodone\angularai\aifrontend\1.0.1\aifrontend-1.0.1.jar
[INFO] 
[INFO] ------------------< ch.goodone.angularai:test-client >------------------
[INFO] Building test-client 1.0.1                                         [4/4]
[INFO]   from test-client\pom.xml
[INFO] --------------------------------[ jar ]---------------------------------
[INFO] 
[INFO] --- clean:3.5.0:clean (default-clean) @ test-client ---
[INFO] Deleting C:\doc\sw\ai\angularai\angularai\test-client\target
[INFO] 
[INFO] --- jacoco:0.8.12:prepare-agent (prepare-agent) @ test-client ---
[INFO] argLine set to -javaagent:C:\\Users\\sub\\.m2\\repository\\org\\jacoco\\org.jacoco.agent\\0.8.12\\org.jacoco.agent-0.8.12-runtime.jar=destfile=C:\\doc\\sw\\ai\\angularai\\angularai\\test-client\\target\\jacoco.exec,append=true,includes=ch/goodone/angularai/**/*,excludes=**/*MockitoMock*:**/*$auxiliary$*
[INFO] 
[INFO] --- dependency:3.9.0:properties (default) @ test-client ---
[INFO] 
[INFO] --- resources:3.3.1:resources (default-resources) @ test-client ---
[INFO] Copying 0 resource from src\main\resources to target\classes
[INFO] Copying 2 resources from src\main\resources to target\classes
[INFO] 
[INFO] --- compiler:3.14.1:compile (default-compile) @ test-client ---
[INFO] Nothing to compile - all classes are up to date.
[INFO] 
[INFO] --- kotlin:2.1.10:compile (compile) @ test-client ---
WARNING: A terminally deprecated method in sun.misc.Unsafe has been called
WARNING: sun.misc.Unsafe::objectFieldOffset has been called by 
com.intellij.util.containers.Unsafe (file:/C:/Users/sub/.m2/repository/org/jetb
rains/kotlin/kotlin-compiler/2.1.10/kotlin-compiler-2.1.10.jar)
WARNING: Please consider reporting this to the maintainers of class 
com.intellij.util.containers.Unsafe
WARNING: sun.misc.Unsafe::objectFieldOffset will be removed in a future release
[INFO] 
[INFO] --- resources:3.3.1:testResources (default-testResources) @ test-client ---
[INFO] skip non existing resourceDirectory C:\doc\sw\ai\angularai\angularai\test-client\src\test\resources
[INFO] 
[INFO] --- compiler:3.14.1:testCompile (default-testCompile) @ test-client ---
[INFO] Recompiling the module because of changed dependency.
[INFO] 
[INFO] --- kotlin:2.1.10:test-compile (test-compile) @ test-client ---
[INFO] 
[INFO] --- surefire:3.5.2:test (default-test) @ test-client ---
[INFO] Tests are skipped.
[INFO] 
[INFO] --- jar:3.4.2:jar (default-jar) @ test-client ---
[INFO] Building jar: C:\doc\sw\ai\angularai\angularai\test-client\target\test-client-1.0.1.jar
[INFO] 
[INFO] --- jacoco:0.8.12:report (report) @ test-client ---
[INFO] Skipping JaCoCo execution due to missing execution data file.
[INFO] 
[INFO] --- install:3.1.4:install (default-install) @ test-client ---
[INFO] Installing C:\doc\sw\ai\angularai\angularai\test-client\pom.xml to C:\Users\sub\.m2\repository\ch\goodone\angularai\test-client\1.0.1\test-client-1.0.1.pom
[INFO] Installing C:\doc\sw\ai\angularai\angularai\test-client\target\test-client-1.0.1.jar to C:\Users\sub\.m2\repository\ch\goodone\angularai\test-client\1.0.1\test-client-1.0.1.jar
[INFO] ------------------------------------------------------------------------
[INFO] Reactor Summary for angularai-parent 1.0.1:
[INFO] 
[INFO] angularai-parent ................................... SUCCESS [  0.311 s]
[INFO] aibackend .......................................... SUCCESS [  3.935 s]
[INFO] aifrontend ......................................... SUCCESS [  9.564 s]
[INFO] test-client ........................................ SUCCESS [  6.347 s]
[INFO] ------------------------------------------------------------------------
[INFO] BUILD SUCCESS
[INFO] ------------------------------------------------------------------------
[INFO] Total time:  20.420 s
[INFO] Finished at: 2026-01-18T15:24:38+01:00
[INFO] ------------------------------------------------------------------------
